// Jest Snapshot v1, https://goo.gl/fbAQLP

exports[`renders correctly 1`] = `
<div>
  <div
    class="pf-v5-l-bullseye"
  >
    <svg
      aria-label="Contents"
      aria-valuetext="Loading..."
      class="pf-v5-c-spinner pf-m-xl"
      role="progressbar"
      viewBox="0 0 100 100"
    >
      <circle
        class="pf-v5-c-spinner__path"
        cx="50"
        cy="50"
        fill="none"
        r="45"
      />
    </svg>
  </div>
</div>
`;
