// Jest Snapshot v1, https://goo.gl/fbAQLP

exports[`Activation Key Form renders correctly when data is loaded 1`] = `
<div>
  <form
    class="pf-v5-c-form"
    id="activation-key-form"
    novalidate=""
  >
    <div
      class="pf-v5-c-form__group"
      helpertext="Provide a name to be used when registering the activation key. Your activation key name must be unique, may contain only numbers, letters, underscores, and hyphens, and less than 256 characters."
    >
      <div
        class="pf-v5-c-form__group-label"
      >
        <label
          class="pf-v5-c-form__label"
        >
          <span
            class="pf-v5-c-form__label-text"
          >
            Name
          </span>
          <span
            aria-hidden="true"
            class="pf-v5-c-form__label-required"
          >
             
            *
          </span>
        </label>
         
      </div>
      <div
        class="pf-v5-c-form__group-control"
      >
        <span
          class="pf-v5-c-form-control"
        >
          <input
            aria-invalid="false"
            data-ouia-component-id="OUIA-Generated-TextInputBase-1"
            data-ouia-component-type="PF5/TextInput"
            data-ouia-safe="true"
            id="activation-key-name"
            label="Name"
            name="name"
            required=""
            type="text"
            value=""
          />
        </span>
      </div>
    </div>
    <div
      class="pf-v5-c-form__group"
      helpertext="Select the required role from the list. The list only contains roles available to the activation key."
    >
      <div
        class="pf-v5-c-form__group-label"
      >
        <label
          class="pf-v5-c-form__label"
        >
          <span
            class="pf-v5-c-form__label-text"
          >
            Role
          </span>
        </label>
         
        <div
          style="display: contents;"
        >
          <svg
            aria-hidden="true"
            class="pf-v5-svg"
            fill="currentColor"
            height="1em"
            role="img"
            viewBox="0 0 1024 1024"
            width="1em"
          >
            <path
              d="M521.3,576 C627.5,576 713.7,502 713.7,413.7 C713.7,325.4 627.6,253.6 521.3,253.6 C366,253.6 334.5,337.7 329.2,407.2 C329.2,414.3 335.2,416 343.5,416 L445,416 C450.5,416 458,415.5 460.8,406.5 C460.8,362.6 582.9,357.1 582.9,413.6 C582.9,441.9 556.2,470.9 521.3,473 C486.4,475.1 447.3,479.8 447.3,521.7 L447.3,553.8 C447.3,570.8 456.1,576 472,576 C487.9,576 521.3,576 521.3,576 M575.3,751.3 L575.3,655.3 C575.313862,651.055109 573.620137,646.982962 570.6,644 C567.638831,640.947672 563.552355,639.247987 559.3,639.29884 L463.3,639.29884 C459.055109,639.286138 454.982962,640.979863 452,644 C448.947672,646.961169 447.247987,651.047645 447.29884,655.3 L447.29884,751.3 C447.286138,755.544891 448.979863,759.617038 452,762.6 C454.961169,765.652328 459.047645,767.352013 463.3,767.30116 L559.3,767.30116 C563.544891,767.313862 567.617038,765.620137 570.6,762.6 C573.659349,759.643612 575.360354,755.553963 575.3,751.3 M512,896 C300.2,896 128,723.9 128,512 C128,300.3 300.2,128 512,128 C723.8,128 896,300.2 896,512 C896,723.8 723.7,896 512,896 M512.1,0 C229.7,0 0,229.8 0,512 C0,794.2 229.8,1024 512.1,1024 C794.4,1024 1024,794.3 1024,512 C1024,229.7 794.4,0 512.1,0"
            />
          </svg>
        </div>
      </div>
      <div
        class="pf-v5-c-form__group-control"
      >
        <span
          class="pf-v5-c-form-control"
        >
          <select
            aria-invalid="false"
            aria-label="Select role"
            data-ouia-component-id="OUIA-Generated-FormSelect-default-1"
            data-ouia-component-type="PF5/FormSelect"
            data-ouia-safe="true"
            name="role"
          >
            <option
              class=""
              value="role"
            >
              role
            </option>
            <option
              class=""
              value=""
            >
              Select role
            </option>
          </select>
          <span
            class="pf-v5-c-form-control__utilities"
          >
            <span
              class="pf-v5-c-form-control__toggle-icon"
            >
              <svg
                aria-hidden="true"
                class="pf-v5-svg"
                fill="currentColor"
                height="1em"
                role="img"
                viewBox="0 0 320 512"
                width="1em"
              >
                <path
                  d="M31.3 192h257.3c17.8 0 26.7 21.5 14.1 34.1L174.1 354.8c-7.8 7.8-20.5 7.8-28.3 0L17.2 226.1C4.6 213.5 13.5 192 31.3 192z"
                />
              </svg>
            </span>
          </span>
        </span>
      </div>
    </div>
    <div
      class="pf-v5-c-form__group"
      helpertext="Select the required service level from the list. The list only contains service levels available to the activation key."
    >
      <div
        class="pf-v5-c-form__group-label"
      >
        <label
          class="pf-v5-c-form__label"
        >
          <span
            class="pf-v5-c-form__label-text"
          >
            Service Level Agreement (SLA)
          </span>
        </label>
         
        <div
          style="display: contents;"
        >
          <svg
            aria-hidden="true"
            class="pf-v5-svg"
            fill="currentColor"
            height="1em"
            role="img"
            viewBox="0 0 1024 1024"
            width="1em"
          >
            <path
              d="M521.3,576 C627.5,576 713.7,502 713.7,413.7 C713.7,325.4 627.6,253.6 521.3,253.6 C366,253.6 334.5,337.7 329.2,407.2 C329.2,414.3 335.2,416 343.5,416 L445,416 C450.5,416 458,415.5 460.8,406.5 C460.8,362.6 582.9,357.1 582.9,413.6 C582.9,441.9 556.2,470.9 521.3,473 C486.4,475.1 447.3,479.8 447.3,521.7 L447.3,553.8 C447.3,570.8 456.1,576 472,576 C487.9,576 521.3,576 521.3,576 M575.3,751.3 L575.3,655.3 C575.313862,651.055109 573.620137,646.982962 570.6,644 C567.638831,640.947672 563.552355,639.247987 559.3,639.29884 L463.3,639.29884 C459.055109,639.286138 454.982962,640.979863 452,644 C448.947672,646.961169 447.247987,651.047645 447.29884,655.3 L447.29884,751.3 C447.286138,755.544891 448.979863,759.617038 452,762.6 C454.961169,765.652328 459.047645,767.352013 463.3,767.30116 L559.3,767.30116 C563.544891,767.313862 567.617038,765.620137 570.6,762.6 C573.659349,759.643612 575.360354,755.553963 575.3,751.3 M512,896 C300.2,896 128,723.9 128,512 C128,300.3 300.2,128 512,128 C723.8,128 896,300.2 896,512 C896,723.8 723.7,896 512,896 M512.1,0 C229.7,0 0,229.8 0,512 C0,794.2 229.8,1024 512.1,1024 C794.4,1024 1024,794.3 1024,512 C1024,229.7 794.4,0 512.1,0"
            />
          </svg>
        </div>
      </div>
      <div
        class="pf-v5-c-form__group-control"
      >
        <span
          class="pf-v5-c-form-control"
        >
          <select
            aria-invalid="false"
            aria-label="Select a service level agreement"
            data-ouia-component-id="OUIA-Generated-FormSelect-default-2"
            data-ouia-component-type="PF5/FormSelect"
            data-ouia-safe="true"
            name="serviceLevel"
          >
            <option
              class=""
              value="serviceLevel"
            >
              serviceLevel
            </option>
            <option
              class=""
              value=""
            >
              Select a service level agreement
            </option>
          </select>
          <span
            class="pf-v5-c-form-control__utilities"
          >
            <span
              class="pf-v5-c-form-control__toggle-icon"
            >
              <svg
                aria-hidden="true"
                class="pf-v5-svg"
                fill="currentColor"
                height="1em"
                role="img"
                viewBox="0 0 320 512"
                width="1em"
              >
                <path
                  d="M31.3 192h257.3c17.8 0 26.7 21.5 14.1 34.1L174.1 354.8c-7.8 7.8-20.5 7.8-28.3 0L17.2 226.1C4.6 213.5 13.5 192 31.3 192z"
                />
              </svg>
            </span>
          </span>
        </span>
      </div>
    </div>
    <div
      class="pf-v5-c-form__group"
      helpertext="Select the required usage from the list. The list only contains usages available to the activation key."
    >
      <div
        class="pf-v5-c-form__group-label"
      >
        <label
          class="pf-v5-c-form__label"
        >
          <span
            class="pf-v5-c-form__label-text"
          >
            Usage
          </span>
        </label>
         
        <div
          style="display: contents;"
        >
          <svg
            aria-hidden="true"
            class="pf-v5-svg"
            fill="currentColor"
            height="1em"
            role="img"
            viewBox="0 0 1024 1024"
            width="1em"
          >
            <path
              d="M521.3,576 C627.5,576 713.7,502 713.7,413.7 C713.7,325.4 627.6,253.6 521.3,253.6 C366,253.6 334.5,337.7 329.2,407.2 C329.2,414.3 335.2,416 343.5,416 L445,416 C450.5,416 458,415.5 460.8,406.5 C460.8,362.6 582.9,357.1 582.9,413.6 C582.9,441.9 556.2,470.9 521.3,473 C486.4,475.1 447.3,479.8 447.3,521.7 L447.3,553.8 C447.3,570.8 456.1,576 472,576 C487.9,576 521.3,576 521.3,576 M575.3,751.3 L575.3,655.3 C575.313862,651.055109 573.620137,646.982962 570.6,644 C567.638831,640.947672 563.552355,639.247987 559.3,639.29884 L463.3,639.29884 C459.055109,639.286138 454.982962,640.979863 452,644 C448.947672,646.961169 447.247987,651.047645 447.29884,655.3 L447.29884,751.3 C447.286138,755.544891 448.979863,759.617038 452,762.6 C454.961169,765.652328 459.047645,767.352013 463.3,767.30116 L559.3,767.30116 C563.544891,767.313862 567.617038,765.620137 570.6,762.6 C573.659349,759.643612 575.360354,755.553963 575.3,751.3 M512,896 C300.2,896 128,723.9 128,512 C128,300.3 300.2,128 512,128 C723.8,128 896,300.2 896,512 C896,723.8 723.7,896 512,896 M512.1,0 C229.7,0 0,229.8 0,512 C0,794.2 229.8,1024 512.1,1024 C794.4,1024 1024,794.3 1024,512 C1024,229.7 794.4,0 512.1,0"
            />
          </svg>
        </div>
      </div>
      <div
        class="pf-v5-c-form__group-control"
      >
        <span
          class="pf-v5-c-form-control"
        >
          <select
            aria-invalid="false"
            aria-label="Select usage"
            data-ouia-component-id="OUIA-Generated-FormSelect-default-3"
            data-ouia-component-type="PF5/FormSelect"
            data-ouia-safe="true"
            name="usage"
          >
            <option
              class=""
              value="usage"
            >
              usage
            </option>
            <option
              class=""
              value=""
            >
              Select usage
            </option>
          </select>
          <span
            class="pf-v5-c-form-control__utilities"
          >
            <span
              class="pf-v5-c-form-control__toggle-icon"
            >
              <svg
                aria-hidden="true"
                class="pf-v5-svg"
                fill="currentColor"
                height="1em"
                role="img"
                viewBox="0 0 320 512"
                width="1em"
              >
                <path
                  d="M31.3 192h257.3c17.8 0 26.7 21.5 14.1 34.1L174.1 354.8c-7.8 7.8-20.5 7.8-28.3 0L17.2 226.1C4.6 213.5 13.5 192 31.3 192z"
                />
              </svg>
            </span>
          </span>
        </span>
      </div>
    </div>
    <div
      class="pf-v5-c-form__group pf-m-action"
    >
      <div
        class="pf-v5-c-form__group-control"
      >
        <div
          class="pf-v5-c-form__actions"
        >
          <button
            aria-disabled="true"
            class="pf-v5-c-button pf-m-primary pf-m-disabled"
            data-ouia-component-id="OUIA-Generated-Button-primary-1"
            data-ouia-component-type="PF5/Button"
            data-ouia-safe="true"
            data-testid="activation-key-submit-button"
            disabled=""
            id="submit-activation-key-button"
            type="submit"
          >
            Create
          </button>
          <button
            aria-disabled="false"
            class="pf-v5-c-button pf-m-link"
            data-ouia-component-id="OUIA-Generated-Button-link-1"
            data-ouia-component-type="PF5/Button"
            data-ouia-safe="true"
            id="cancel-activation-key-button"
            type="button"
          >
            Cancel
          </button>
        </div>
      </div>
    </div>
  </form>
</div>
`;
